// Jest Snapshot v1, https://goo.gl/fbAQLP

exports[`Room Creator should render component correctly 1`] = `
<Context.Consumer>
  [Function]
</Context.Consumer>
`;
